[root@lvm ~]# df -hT
Filesystem                         Type      Size  Used Avail Use% Mounted on
/dev/mapper/VolGroup00-LogVol00    xfs       8.0G  878M  7.2G  11% /
devtmpfs                           devtmpfs  110M     0  110M   0% /dev
tmpfs                              tmpfs     118M     0  118M   0% /dev/shm
tmpfs                              tmpfs     118M  4.6M  114M   4% /run
tmpfs                              tmpfs     118M     0  118M   0% /sys/fs/cgroup
/dev/mapper/VolGroup00-LogVol_Home xfs       2.0G   33M  2.0G   2% /home
/dev/sda2                          xfs      1014M   61M  954M   7% /boot
tmpfs                              tmpfs      24M     0   24M   0% /run/user/1000
[root@lvm ~]# vgs
  VG         #PV #LV #SN Attr   VSize   VFree  
  VolGroup00   1   3   0 wz--n- <38.97g <27.47g
  vg_var       2   1   0 wz--n-   2.99g   1.12g
[root@lvm ~]# vgrename VolGroup00 sashantRoot
  Volume group "VolGroup00" successfully renamed to "sashantRoot"
[root@lvm ~]# vgs
  VG          #PV #LV #SN Attr   VSize   VFree  
  sashantRoot   1   3   0 wz--n- <38.97g <27.47g
  vg_var        2   1   0 wz--n-   2.99g   1.12g
[root@lvm ~]# vim /etc/fstab 
bash: vim: command not found
[root@lvm ~]# vi /etc/fstab 
[root@lvm ~]# vi /etc/default/grub 
[root@lvm ~]# vi /boot/grub2/grub.cfg 
root@lvm ~]# mkinitrd -f -v /boot/initramfs-$(uname -r).img $(uname -r)
Executing: /sbin/dracut -f -v /boot/initramfs-3.10.0-862.2.3.el7.x86_64.img 3.10.0-862.2.3.el7.x86_64
dracut module 'busybox' will not be installed, because command 'busybox' could not be found!
dracut module 'crypt' will not be installed, because command 'cryptsetup' could not be found!
dracut module 'dmraid' will not be installed, because command 'dmraid' could not be found!
dracut module 'dmsquash-live-ntfs' will not be installed, because command 'ntfs-3g' could not be found!
dracut module 'multipath' will not be installed, because command 'multipath' could not be found!
dracut module 'busybox' will not be installed, because command 'busybox' could not be found!
dracut module 'crypt' will not be installed, because command 'cryptsetup' could not be found!
dracut module 'dmraid' will not be installed, because command 'dmraid' could not be found!
dracut module 'dmsquash-live-ntfs' will not be installed, because command 'ntfs-3g' could not be found!
dracut module 'multipath' will not be installed, because command 'multipath' could not be found!
*** Including module: bash ***
*** Including module: nss-softokn ***
*** Including module: i18n ***
*** Including module: drm ***
*** Including module: plymouth ***
*** Including module: dm ***
Skipping udev rule: 64-device-mapper.rules
Skipping udev rule: 60-persistent-storage-dm.rules
Skipping udev rule: 55-dm.rules
*** Including module: kernel-modules ***
Omitting driver floppy
*** Including module: lvm ***
Skipping udev rule: 64-device-mapper.rules
Skipping udev rule: 56-lvm.rules
Skipping udev rule: 60-persistent-storage-lvm.rules
*** Including module: qemu ***
*** Including module: resume ***
*** Including module: rootfs-block ***
*** Including module: terminfo ***
*** Including module: udev-rules ***
Skipping udev rule: 40-redhat-cpu-hotplug.rules
Skipping udev rule: 91-permissions.rules
*** Including module: biosdevname ***
*** Including module: systemd ***
*** Including module: usrmount ***
*** Including module: base ***
*** Including module: fs-lib ***
*** Including module: shutdown ***
*** Including modules done ***
*** Installing kernel module dependencies and firmware ***
*** Installing kernel module dependencies and firmware done ***
*** Resolving executable dependencies ***
*** Resolving executable dependencies done***
*** Hardlinking files ***
*** Hardlinking files done ***
*** Stripping files ***
*** Stripping files done ***
*** Generating early-microcode cpio image contents ***
*** No early-microcode cpio image needed ***
*** Store current command line parameters ***
*** Creating image file ***
*** Creating image file done ***
*** Creating initramfs image file '/boot/initramfs-3.10.0-862.2.3.el7.x86_64.img' done ***
[root@lvm ~]# reboot
Connection to 127.0.0.1 closed by remote host.
root@otus-ubuntu:/home/sashant/homework/homework4# vagrant ssh
Last login: Fri Dec  8 06:18:19 2023 from 10.0.2.2
[vagrant@lvm ~]$ sudo -i
[root@lvm ~]# vgs
  VG          #PV #LV #SN Attr   VSize   VFree  
  sashantRoot   1   3   0 wz--n- <38.97g <27.47g
  vg_var        2   1   0 wz--n-   2.99g   1.12g
[root@lvm ~]# df -hT
Filesystem                          Type      Size  Used Avail Use% Mounted on
/dev/mapper/sashantRoot-LogVol00    xfs       8.0G  878M  7.2G  11% /
devtmpfs                            devtmpfs  110M     0  110M   0% /dev
tmpfs                               tmpfs     118M     0  118M   0% /dev/shm
tmpfs                               tmpfs     118M  4.6M  114M   4% /run
tmpfs                               tmpfs     118M     0  118M   0% /sys/fs/cgroup
/dev/mapper/sashantRoot-LogVol_Home xfs       2.0G   33M  2.0G   2% /home
/dev/sda2                           xfs      1014M   61M  954M   7% /boot
tmpfs                               tmpfs      24M     0   24M   0% /run/user/1000
[root@lvm ~]# mkdir /usr/lib/dracut/modules.d/01test
[root@lvm ~]# cd /usr/lib/dracut/modules.d/01test/
[root@lvm 01test]# vi module-setup.sh
[root@lvm 01test]# vi test.sh
[root@lvm 01test]# chmod +x module-setup.sh 
[root@lvm 01test]# chmod +x test.sh 
[root@lvm 01test]# ll
total 8
-rwxr-xr-x. 1 root root 126 Dec  8 08:19 module-setup.sh
-rwxr-xr-x. 1 root root 332 Dec  8 08:20 test.sh
[root@lvm 01test]# mkinitrd -f -v /boot/initramfs-$(uname -r).img $(uname -r)
Executing: /sbin/dracut -f -v /boot/initramfs-3.10.0-862.2.3.el7.x86_64.img 3.10.0-862.2.3.el7.x86_64
dracut module 'busybox' will not be installed, because command 'busybox' could not be found!
dracut module 'crypt' will not be installed, because command 'cryptsetup' could not be found!
dracut module 'dmraid' will not be installed, because command 'dmraid' could not be found!
dracut module 'dmsquash-live-ntfs' will not be installed, because command 'ntfs-3g' could not be found!
dracut module 'multipath' will not be installed, because command 'multipath' could not be found!
dracut module 'busybox' will not be installed, because command 'busybox' could not be found!
dracut module 'crypt' will not be installed, because command 'cryptsetup' could not be found!
dracut module 'dmraid' will not be installed, because command 'dmraid' could not be found!
dracut module 'dmsquash-live-ntfs' will not be installed, because command 'ntfs-3g' could not be found!
dracut module 'multipath' will not be installed, because command 'multipath' could not be found!
*** Including module: bash ***
*** Including module: test ***
*** Including module: nss-softokn ***
*** Including module: i18n ***
*** Including module: drm ***
*** Including module: plymouth ***
*** Including module: dm ***
Skipping udev rule: 64-device-mapper.rules
Skipping udev rule: 60-persistent-storage-dm.rules
Skipping udev rule: 55-dm.rules
*** Including module: kernel-modules ***
Omitting driver floppy
*** Including module: lvm ***
Skipping udev rule: 64-device-mapper.rules
Skipping udev rule: 56-lvm.rules
Skipping udev rule: 60-persistent-storage-lvm.rules
*** Including module: qemu ***
*** Including module: resume ***
*** Including module: rootfs-block ***
*** Including module: terminfo ***
*** Including module: udev-rules ***
Skipping udev rule: 40-redhat-cpu-hotplug.rules
Skipping udev rule: 91-permissions.rules
*** Including module: biosdevname ***
*** Including module: systemd ***
*** Including module: usrmount ***
*** Including module: base ***
*** Including module: fs-lib ***
*** Including module: shutdown ***
*** Including modules done ***
*** Installing kernel module dependencies and firmware ***
*** Installing kernel module dependencies and firmware done ***
*** Resolving executable dependencies ***
*** Resolving executable dependencies done***
*** Hardlinking files ***
*** Hardlinking files done ***
*** Stripping files ***
*** Stripping files done ***
*** Generating early-microcode cpio image contents ***
*** No early-microcode cpio image needed ***
*** Store current command line parameters ***
*** Creating image file ***
*** Creating image file done ***
*** Creating initramfs image file '/boot/initramfs-3.10.0-862.2.3.el7.x86_64.img' done ***
[root@lvm 01test]# lsinitrd -m /boot/initramfs-$(uname -r).img | grep test
test
[root@lvm 01test]# lsinitrd -m /boot/initramfs-$(uname -r).img
Image: /boot/initramfs-3.10.0-862.2.3.el7.x86_64.img: 15M
========================================================================
Version: dracut-033-535.el7

dracut modules:
bash
test
nss-softokn
i18n
drm
plymouth
dm
kernel-modules
lvm
qemu
resume
rootfs-block
terminfo
udev-rules
biosdevname
systemd
usrmount
base
fs-lib
shutdown
========================================================================
[root@lvm ~]# reboot
[root@lvm ~]# cat /var/log/boot.log
Hello! You are in dracut module!
 ___________________
< I'm dracut module >
 -------------------
   \
    \
        .--.
       |o_o |
       |:_/ |
      //   \ \
     (|     | )
    /'\_   _/`\
    \___)=(___/
 continuing....

